Custard tarts- individual,Mixed herbs- dried,Bhaji- karela- with butter ghee,Chutney- tomato- homemade,Lentil and rice roast- with egg,Red rice- raw,Tzatziki,Crumble- fruit,Pork- loin chops- barbecued- lean,Bacon- fat only- cooked- average,Beef- fillet steak- from steakhouse- lean and fat,Beanburger- aduki- fried in vegetable oil,Duck- raw- meat only,Potato rings,biryani- vegetable- takeaway,Olives- in brine- weighed with stones,Chicken- wing quarter- raw- meat and skin,Special K,Raisin Splitz,Carrots- young- boiled in salted water,