Cheese- Gouda,Beer- bitter- canned,Beer- bitter- canned,Beer- bitter- average,