Liver- calf- raw,Beer- mild- draught,Beer- bitter- average,Beer- bitter- canned,