Cheese spread- plain,Beer- bitter- canned,Beer- mild- draught,Beer- bitter- canned,