Progress- reconstituted,Beer- bitter- canned,Beer- mild- draught,Beer- bitter- average,