Fudge- homemade,Beer- bitter- canned,Beer- mild- draught,Beer- bitter- canned,