Elmlea- whipping,Beer- mild- draught,Beer- bitter- average,Beer- bitter- canned,