Cauliflower cheese- made with semi-skimmed milk,Beer- mild- draught,Beer- mild- draught,Beer- bitter- canned,