Cheese- Brie,Beer- mild- draught,Beer- mild- draught,Beer- bitter- canned,